Archive member included to satisfy reference by file (symbol)

c:/winavr-20100110/bin/../lib/gcc/avr/5.4.0/avr25\libgcc.a(_udivmodhi4.o)
                              main.o (__udivmodhi4)
c:/winavr-20100110/bin/../lib/gcc/avr/5.4.0/avr25\libgcc.a(_exit.o)
                              c:/winavr-20100110/bin/../lib/gcc/avr/5.4.0/../../../../avr/lib/avr25/crtattiny48.o (exit)
c:/winavr-20100110/bin/../lib/gcc/avr/5.4.0/avr25\libgcc.a(_copy_data.o)
                              main.o (__do_copy_data)

Memory Configuration

Name             Origin             Length             Attributes
text             0x00000000         0x00002000         xr
data             0x00800060         0x0000ffa0         rw !x
eeprom           0x00810000         0x00010000         rw !x
fuse             0x00820000         0x00000003         rw !x
lock             0x00830000         0x00000400         rw !x
signature        0x00840000         0x00000400         rw !x
user_signatures  0x00850000         0x00000400         rw !x
*default*        0x00000000         0xffffffff

Linker script and memory map

Address of section .data set to 0x800100
LOAD c:/winavr-20100110/bin/../lib/gcc/avr/5.4.0/../../../../avr/lib/avr25/crtattiny48.o
LOAD main.o
LOAD c:/winavr-20100110/bin/../lib/gcc/avr/5.4.0/../../../../avr/lib/avr25\libm.a
START GROUP
LOAD c:/winavr-20100110/bin/../lib/gcc/avr/5.4.0/avr25\libgcc.a
LOAD c:/winavr-20100110/bin/../lib/gcc/avr/5.4.0/../../../../avr/lib/avr25\libm.a
LOAD c:/winavr-20100110/bin/../lib/gcc/avr/5.4.0/../../../../avr/lib/avr25\libc.a
LOAD c:/winavr-20100110/bin/../lib/gcc/avr/5.4.0/../../../../avr/lib/avr25\libattiny48.a
END GROUP
                0x00002000                __TEXT_REGION_LENGTH__ = DEFINED (__TEXT_REGION_LENGTH__)?__TEXT_REGION_LENGTH__:0x2000
                0x0000ffa0                __DATA_REGION_LENGTH__ = DEFINED (__DATA_REGION_LENGTH__)?__DATA_REGION_LENGTH__:0xffa0
                0x00010000                __EEPROM_REGION_LENGTH__ = DEFINED (__EEPROM_REGION_LENGTH__)?__EEPROM_REGION_LENGTH__:0x10000
                [0x00000003]                __FUSE_REGION_LENGTH__ = DEFINED (__FUSE_REGION_LENGTH__)?__FUSE_REGION_LENGTH__:0x400
                0x00000400                __LOCK_REGION_LENGTH__ = DEFINED (__LOCK_REGION_LENGTH__)?__LOCK_REGION_LENGTH__:0x400
                0x00000400                __SIGNATURE_REGION_LENGTH__ = DEFINED (__SIGNATURE_REGION_LENGTH__)?__SIGNATURE_REGION_LENGTH__:0x400
                0x00000400                __USER_SIGNATURE_REGION_LENGTH__ = DEFINED (__USER_SIGNATURE_REGION_LENGTH__)?__USER_SIGNATURE_REGION_LENGTH__:0x400

.hash
 *(.hash)

.dynsym
 *(.dynsym)

.dynstr
 *(.dynstr)

.gnu.version
 *(.gnu.version)

.gnu.version_d
 *(.gnu.version_d)

.gnu.version_r
 *(.gnu.version_r)

.rel.init
 *(.rel.init)

.rela.init
 *(.rela.init)

.rel.text
 *(.rel.text)
 *(.rel.text.*)
 *(.rel.gnu.linkonce.t*)

.rela.text
 *(.rela.text)
 *(.rela.text.*)
 *(.rela.gnu.linkonce.t*)

.rel.fini
 *(.rel.fini)

.rela.fini
 *(.rela.fini)

.rel.rodata
 *(.rel.rodata)
 *(.rel.rodata.*)
 *(.rel.gnu.linkonce.r*)

.rela.rodata
 *(.rela.rodata)
 *(.rela.rodata.*)
 *(.rela.gnu.linkonce.r*)

.rel.data
 *(.rel.data)
 *(.rel.data.*)
 *(.rel.gnu.linkonce.d*)

.rela.data
 *(.rela.data)
 *(.rela.data.*)
 *(.rela.gnu.linkonce.d*)

.rel.ctors
 *(.rel.ctors)

.rela.ctors
 *(.rela.ctors)

.rel.dtors
 *(.rel.dtors)

.rela.dtors
 *(.rela.dtors)

.rel.got
 *(.rel.got)

.rela.got
 *(.rela.got)

.rel.bss
 *(.rel.bss)

.rela.bss
 *(.rela.bss)

.rel.plt
 *(.rel.plt)

.rela.plt
 *(.rela.plt)

.text           0x00000000      0x2d8
 *(.vectors)
 .vectors       0x00000000       0x28 c:/winavr-20100110/bin/../lib/gcc/avr/5.4.0/../../../../avr/lib/avr25/crtattiny48.o
                0x00000000                __vector_default
                0x00000000                __vectors
 *(.vectors)
 *(.progmem.gcc*)
                0x00000028                . = ALIGN (0x2)
                0x00000028                __trampolines_start = .
 *(.trampolines)
 .trampolines   0x00000028        0x0 linker stubs
 *(.trampolines*)
                0x00000028                __trampolines_end = .
 *libprintf_flt.a:*(.progmem.data)
 *libc.a:*(.progmem.data)
 *(.progmem*)
                0x00000028                . = ALIGN (0x2)
 *(.jumptables)
 *(.jumptables*)
 *(.lowtext)
 *(.lowtext*)
                0x00000028                __ctors_start = .
 *(.ctors)
                0x00000028                __ctors_end = .
                0x00000028                __dtors_start = .
 *(.dtors)
                0x00000028                __dtors_end = .
 SORT(*)(.ctors)
 SORT(*)(.dtors)
 *(.init0)
 .init0         0x00000028        0x0 c:/winavr-20100110/bin/../lib/gcc/avr/5.4.0/../../../../avr/lib/avr25/crtattiny48.o
                0x00000028                __init
 *(.init0)
 *(.init1)
 *(.init1)
 *(.init2)
 .init2         0x00000028        0xc c:/winavr-20100110/bin/../lib/gcc/avr/5.4.0/../../../../avr/lib/avr25/crtattiny48.o
 *(.init2)
 *(.init3)
 *(.init3)
 *(.init4)
 .init4         0x00000034       0x16 c:/winavr-20100110/bin/../lib/gcc/avr/5.4.0/avr25\libgcc.a(_copy_data.o)
                0x00000034                __do_copy_data
 *(.init4)
 *(.init5)
 *(.init5)
 *(.init6)
 *(.init6)
 *(.init7)
 *(.init7)
 *(.init8)
 *(.init8)
 *(.init9)
 .init9         0x0000004a        0x4 c:/winavr-20100110/bin/../lib/gcc/avr/5.4.0/../../../../avr/lib/avr25/crtattiny48.o
 *(.init9)
 *(.text)
 .text          0x0000004e        0x2 c:/winavr-20100110/bin/../lib/gcc/avr/5.4.0/../../../../avr/lib/avr25/crtattiny48.o
                0x0000004e                __vector_1
                0x0000004e                __vector_12
                0x0000004e                __bad_interrupt
                0x0000004e                __vector_6
                0x0000004e                __vector_11
                0x0000004e                __vector_13
                0x0000004e                __vector_17
                0x0000004e                __vector_19
                0x0000004e                __vector_7
                0x0000004e                __vector_5
                0x0000004e                __vector_4
                0x0000004e                __vector_9
                0x0000004e                __vector_2
                0x0000004e                __vector_15
                0x0000004e                __vector_8
                0x0000004e                __vector_14
                0x0000004e                __vector_10
                0x0000004e                __vector_18
 .text          0x00000050      0x11c main.o
                0x00000050                system_sleep
                0x00000068                setup_watchdog
                0x00000090                turn_off_watchdog
                0x000000a8                watchdog_sleep
                0x000000ae                adc_read
                0x000000dc                setup
                0x00000142                __vector_16
                0x00000144                __vector_3
 .text          0x0000016c        0x0 c:/winavr-20100110/bin/../lib/gcc/avr/5.4.0/avr25\libgcc.a(_udivmodhi4.o)
 .text          0x0000016c        0x0 c:/winavr-20100110/bin/../lib/gcc/avr/5.4.0/avr25\libgcc.a(_exit.o)
 .text          0x0000016c        0x0 c:/winavr-20100110/bin/../lib/gcc/avr/5.4.0/avr25\libgcc.a(_copy_data.o)
                0x0000016c                . = ALIGN (0x2)
 *(.text.*)
 .text.startup  0x0000016c      0x140 main.o
                0x0000016c                main
 .text.libgcc.mul
                0x000002ac        0x0 c:/winavr-20100110/bin/../lib/gcc/avr/5.4.0/avr25\libgcc.a(_udivmodhi4.o)
 .text.libgcc.div
                0x000002ac       0x28 c:/winavr-20100110/bin/../lib/gcc/avr/5.4.0/avr25\libgcc.a(_udivmodhi4.o)
                0x000002ac                __udivmodhi4
 .text.libgcc   0x000002d4        0x0 c:/winavr-20100110/bin/../lib/gcc/avr/5.4.0/avr25\libgcc.a(_udivmodhi4.o)
 .text.libgcc.prologue
                0x000002d4        0x0 c:/winavr-20100110/bin/../lib/gcc/avr/5.4.0/avr25\libgcc.a(_udivmodhi4.o)
 .text.libgcc.builtins
                0x000002d4        0x0 c:/winavr-20100110/bin/../lib/gcc/avr/5.4.0/avr25\libgcc.a(_udivmodhi4.o)
 .text.libgcc.fmul
                0x000002d4        0x0 c:/winavr-20100110/bin/../lib/gcc/avr/5.4.0/avr25\libgcc.a(_udivmodhi4.o)
 .text.libgcc.fixed
                0x000002d4        0x0 c:/winavr-20100110/bin/../lib/gcc/avr/5.4.0/avr25\libgcc.a(_udivmodhi4.o)
 .text.libgcc.mul
                0x000002d4        0x0 c:/winavr-20100110/bin/../lib/gcc/avr/5.4.0/avr25\libgcc.a(_exit.o)
 .text.libgcc.div
                0x000002d4        0x0 c:/winavr-20100110/bin/../lib/gcc/avr/5.4.0/avr25\libgcc.a(_exit.o)
 .text.libgcc   0x000002d4        0x0 c:/winavr-20100110/bin/../lib/gcc/avr/5.4.0/avr25\libgcc.a(_exit.o)
 .text.libgcc.prologue
                0x000002d4        0x0 c:/winavr-20100110/bin/../lib/gcc/avr/5.4.0/avr25\libgcc.a(_exit.o)
 .text.libgcc.builtins
                0x000002d4        0x0 c:/winavr-20100110/bin/../lib/gcc/avr/5.4.0/avr25\libgcc.a(_exit.o)
 .text.libgcc.fmul
                0x000002d4        0x0 c:/winavr-20100110/bin/../lib/gcc/avr/5.4.0/avr25\libgcc.a(_exit.o)
 .text.libgcc.fixed
                0x000002d4        0x0 c:/winavr-20100110/bin/../lib/gcc/avr/5.4.0/avr25\libgcc.a(_exit.o)
 .text.libgcc.mul
                0x000002d4        0x0 c:/winavr-20100110/bin/../lib/gcc/avr/5.4.0/avr25\libgcc.a(_copy_data.o)
 .text.libgcc.div
                0x000002d4        0x0 c:/winavr-20100110/bin/../lib/gcc/avr/5.4.0/avr25\libgcc.a(_copy_data.o)
 .text.libgcc   0x000002d4        0x0 c:/winavr-20100110/bin/../lib/gcc/avr/5.4.0/avr25\libgcc.a(_copy_data.o)
 .text.libgcc.prologue
                0x000002d4        0x0 c:/winavr-20100110/bin/../lib/gcc/avr/5.4.0/avr25\libgcc.a(_copy_data.o)
 .text.libgcc.builtins
                0x000002d4        0x0 c:/winavr-20100110/bin/../lib/gcc/avr/5.4.0/avr25\libgcc.a(_copy_data.o)
 .text.libgcc.fmul
                0x000002d4        0x0 c:/winavr-20100110/bin/../lib/gcc/avr/5.4.0/avr25\libgcc.a(_copy_data.o)
 .text.libgcc.fixed
                0x000002d4        0x0 c:/winavr-20100110/bin/../lib/gcc/avr/5.4.0/avr25\libgcc.a(_copy_data.o)
                0x000002d4                . = ALIGN (0x2)
 *(.fini9)
 .fini9         0x000002d4        0x0 c:/winavr-20100110/bin/../lib/gcc/avr/5.4.0/avr25\libgcc.a(_exit.o)
                0x000002d4                _exit
                0x000002d4                exit
 *(.fini9)
 *(.fini8)
 *(.fini8)
 *(.fini7)
 *(.fini7)
 *(.fini6)
 *(.fini6)
 *(.fini5)
 *(.fini5)
 *(.fini4)
 *(.fini4)
 *(.fini3)
 *(.fini3)
 *(.fini2)
 *(.fini2)
 *(.fini1)
 *(.fini1)
 *(.fini0)
 .fini0         0x000002d4        0x4 c:/winavr-20100110/bin/../lib/gcc/avr/5.4.0/avr25\libgcc.a(_exit.o)
 *(.fini0)
                0x000002d8                _etext = .

.data           0x00800100        0x2 load address 0x000002d8
                0x00800100                PROVIDE (__data_start, .)
 *(.data)
 .data          0x00800100        0x0 c:/winavr-20100110/bin/../lib/gcc/avr/5.4.0/../../../../avr/lib/avr25/crtattiny48.o
 .data          0x00800100        0x1 main.o
                0x00800100                powerState
 .data          0x00800101        0x0 c:/winavr-20100110/bin/../lib/gcc/avr/5.4.0/avr25\libgcc.a(_udivmodhi4.o)
 .data          0x00800101        0x0 c:/winavr-20100110/bin/../lib/gcc/avr/5.4.0/avr25\libgcc.a(_exit.o)
 .data          0x00800101        0x0 c:/winavr-20100110/bin/../lib/gcc/avr/5.4.0/avr25\libgcc.a(_copy_data.o)
 *(.data*)
 *(.gnu.linkonce.d*)
 *(.rodata)
 *(.rodata*)
 *(.gnu.linkonce.r*)
                0x00800102                . = ALIGN (0x2)
 *fill*         0x00800101        0x1 
                0x00800102                _edata = .
                0x00800102                PROVIDE (__data_end, .)

.bss            0x00800102        0x0
                [!provide]                PROVIDE (__bss_start, .)
 *(.bss)
 .bss           0x00800102        0x0 c:/winavr-20100110/bin/../lib/gcc/avr/5.4.0/../../../../avr/lib/avr25/crtattiny48.o
 .bss           0x00800102        0x0 main.o
 .bss           0x00800102        0x0 c:/winavr-20100110/bin/../lib/gcc/avr/5.4.0/avr25\libgcc.a(_udivmodhi4.o)
 .bss           0x00800102        0x0 c:/winavr-20100110/bin/../lib/gcc/avr/5.4.0/avr25\libgcc.a(_exit.o)
 .bss           0x00800102        0x0 c:/winavr-20100110/bin/../lib/gcc/avr/5.4.0/avr25\libgcc.a(_copy_data.o)
 *(.bss*)
 *(COMMON)
                [!provide]                PROVIDE (__bss_end, .)
                0x000002d8                __data_load_start = LOADADDR (.data)
                0x000002da                __data_load_end = (__data_load_start + SIZEOF (.data))

.noinit         0x00800102        0x0
                [!provide]                PROVIDE (__noinit_start, .)
 *(.noinit*)
                [!provide]                PROVIDE (__noinit_end, .)
                0x00800102                _end = .
                [!provide]                PROVIDE (__heap_start, .)

.eeprom         0x00810000        0x0
 *(.eeprom*)
                0x00810000                __eeprom_end = .

.fuse
 *(.fuse)
 *(.lfuse)
 *(.hfuse)
 *(.efuse)

.lock
 *(.lock*)

.signature
 *(.signature*)

.user_signatures
 *(.user_signatures*)

.stab
 *(.stab)

.stabstr
 *(.stabstr)

.stab.excl
 *(.stab.excl)

.stab.exclstr
 *(.stab.exclstr)

.stab.index
 *(.stab.index)

.stab.indexstr
 *(.stab.indexstr)

.comment        0x00000000       0x30
 *(.comment)
 .comment       0x00000000       0x30 main.o
                                 0x31 (size before relaxing)

.note.gnu.avr.deviceinfo
                0x00000000       0x3c
 .note.gnu.avr.deviceinfo
                0x00000000       0x3c c:/winavr-20100110/bin/../lib/gcc/avr/5.4.0/../../../../avr/lib/avr25/crtattiny48.o

.note.gnu.build-id
 *(.note.gnu.build-id)

.debug
 *(.debug)

.line
 *(.line)

.debug_srcinfo
 *(.debug_srcinfo)

.debug_sfnames
 *(.debug_sfnames)

.debug_aranges  0x00000000       0x28
 *(.debug_aranges)
 .debug_aranges
                0x00000000       0x28 main.o

.debug_pubnames
 *(.debug_pubnames)

.debug_info     0x00000000      0x971
 *(.debug_info .gnu.linkonce.wi.*)
 .debug_info    0x00000000      0x576 c:/winavr-20100110/bin/../lib/gcc/avr/5.4.0/../../../../avr/lib/avr25/crtattiny48.o
 .debug_info    0x00000576      0x3fb main.o

.debug_abbrev   0x00000000      0x74f
 *(.debug_abbrev)
 .debug_abbrev  0x00000000      0x52b c:/winavr-20100110/bin/../lib/gcc/avr/5.4.0/../../../../avr/lib/avr25/crtattiny48.o
 .debug_abbrev  0x0000052b      0x224 main.o

.debug_line     0x00000000      0x345
 *(.debug_line .debug_line.* .debug_line_end)
 .debug_line    0x00000000       0x1a c:/winavr-20100110/bin/../lib/gcc/avr/5.4.0/../../../../avr/lib/avr25/crtattiny48.o
 .debug_line    0x0000001a      0x32b main.o

.debug_frame    0x00000000       0xbc
 *(.debug_frame)
 .debug_frame   0x00000000       0xbc main.o

.debug_str      0x00000000      0x3c7
 *(.debug_str)
 .debug_str     0x00000000      0x1d9 c:/winavr-20100110/bin/../lib/gcc/avr/5.4.0/../../../../avr/lib/avr25/crtattiny48.o
 .debug_str     0x000001d9      0x1ee main.o
                                0x222 (size before relaxing)

.debug_loc      0x00000000      0x286
 *(.debug_loc)
 .debug_loc     0x00000000      0x286 main.o

.debug_macinfo
 *(.debug_macinfo)

.debug_weaknames
 *(.debug_weaknames)

.debug_funcnames
 *(.debug_funcnames)

.debug_typenames
 *(.debug_typenames)

.debug_varnames
 *(.debug_varnames)

.debug_pubtypes
 *(.debug_pubtypes)

.debug_ranges   0x00000000       0x30
 *(.debug_ranges)
 .debug_ranges  0x00000000       0x30 main.o

.debug_macro
 *(.debug_macro)
OUTPUT(main.elf elf32-avr)
LOAD linker stubs

Cross Reference Table

Symbol                                            File
__FUSE_REGION_LENGTH__                            c:/winavr-20100110/bin/../lib/gcc/avr/5.4.0/../../../../avr/lib/avr25/crtattiny48.o
__bad_interrupt                                   c:/winavr-20100110/bin/../lib/gcc/avr/5.4.0/../../../../avr/lib/avr25/crtattiny48.o
__data_end                                        c:/winavr-20100110/bin/../lib/gcc/avr/5.4.0/avr25\libgcc.a(_copy_data.o)
__data_load_start                                 c:/winavr-20100110/bin/../lib/gcc/avr/5.4.0/avr25\libgcc.a(_copy_data.o)
__data_start                                      c:/winavr-20100110/bin/../lib/gcc/avr/5.4.0/avr25\libgcc.a(_copy_data.o)
__do_copy_data                                    c:/winavr-20100110/bin/../lib/gcc/avr/5.4.0/avr25\libgcc.a(_copy_data.o)
                                                  main.o
__heap_end                                        c:/winavr-20100110/bin/../lib/gcc/avr/5.4.0/../../../../avr/lib/avr25/crtattiny48.o
__init                                            c:/winavr-20100110/bin/../lib/gcc/avr/5.4.0/../../../../avr/lib/avr25/crtattiny48.o
__stack                                           c:/winavr-20100110/bin/../lib/gcc/avr/5.4.0/../../../../avr/lib/avr25/crtattiny48.o
__udivmodhi4                                      c:/winavr-20100110/bin/../lib/gcc/avr/5.4.0/avr25\libgcc.a(_udivmodhi4.o)
                                                  main.o
__vector_1                                        c:/winavr-20100110/bin/../lib/gcc/avr/5.4.0/../../../../avr/lib/avr25/crtattiny48.o
__vector_10                                       c:/winavr-20100110/bin/../lib/gcc/avr/5.4.0/../../../../avr/lib/avr25/crtattiny48.o
__vector_11                                       c:/winavr-20100110/bin/../lib/gcc/avr/5.4.0/../../../../avr/lib/avr25/crtattiny48.o
__vector_12                                       c:/winavr-20100110/bin/../lib/gcc/avr/5.4.0/../../../../avr/lib/avr25/crtattiny48.o
__vector_13                                       c:/winavr-20100110/bin/../lib/gcc/avr/5.4.0/../../../../avr/lib/avr25/crtattiny48.o
__vector_14                                       c:/winavr-20100110/bin/../lib/gcc/avr/5.4.0/../../../../avr/lib/avr25/crtattiny48.o
__vector_15                                       c:/winavr-20100110/bin/../lib/gcc/avr/5.4.0/../../../../avr/lib/avr25/crtattiny48.o
__vector_16                                       main.o
                                                  c:/winavr-20100110/bin/../lib/gcc/avr/5.4.0/../../../../avr/lib/avr25/crtattiny48.o
__vector_17                                       c:/winavr-20100110/bin/../lib/gcc/avr/5.4.0/../../../../avr/lib/avr25/crtattiny48.o
__vector_18                                       c:/winavr-20100110/bin/../lib/gcc/avr/5.4.0/../../../../avr/lib/avr25/crtattiny48.o
__vector_19                                       c:/winavr-20100110/bin/../lib/gcc/avr/5.4.0/../../../../avr/lib/avr25/crtattiny48.o
__vector_2                                        c:/winavr-20100110/bin/../lib/gcc/avr/5.4.0/../../../../avr/lib/avr25/crtattiny48.o
__vector_3                                        main.o
                                                  c:/winavr-20100110/bin/../lib/gcc/avr/5.4.0/../../../../avr/lib/avr25/crtattiny48.o
__vector_4                                        c:/winavr-20100110/bin/../lib/gcc/avr/5.4.0/../../../../avr/lib/avr25/crtattiny48.o
__vector_5                                        c:/winavr-20100110/bin/../lib/gcc/avr/5.4.0/../../../../avr/lib/avr25/crtattiny48.o
__vector_6                                        c:/winavr-20100110/bin/../lib/gcc/avr/5.4.0/../../../../avr/lib/avr25/crtattiny48.o
__vector_7                                        c:/winavr-20100110/bin/../lib/gcc/avr/5.4.0/../../../../avr/lib/avr25/crtattiny48.o
__vector_8                                        c:/winavr-20100110/bin/../lib/gcc/avr/5.4.0/../../../../avr/lib/avr25/crtattiny48.o
__vector_9                                        c:/winavr-20100110/bin/../lib/gcc/avr/5.4.0/../../../../avr/lib/avr25/crtattiny48.o
__vector_default                                  c:/winavr-20100110/bin/../lib/gcc/avr/5.4.0/../../../../avr/lib/avr25/crtattiny48.o
__vectors                                         c:/winavr-20100110/bin/../lib/gcc/avr/5.4.0/../../../../avr/lib/avr25/crtattiny48.o
_exit                                             c:/winavr-20100110/bin/../lib/gcc/avr/5.4.0/avr25\libgcc.a(_exit.o)
adc_read                                          main.o
exit                                              c:/winavr-20100110/bin/../lib/gcc/avr/5.4.0/avr25\libgcc.a(_exit.o)
                                                  c:/winavr-20100110/bin/../lib/gcc/avr/5.4.0/../../../../avr/lib/avr25/crtattiny48.o
main                                              main.o
                                                  c:/winavr-20100110/bin/../lib/gcc/avr/5.4.0/../../../../avr/lib/avr25/crtattiny48.o
powerState                                        main.o
setup                                             main.o
setup_watchdog                                    main.o
system_sleep                                      main.o
turn_off_watchdog                                 main.o
watchdog_sleep                                    main.o
